MIF/HEX Update report for quanta
Mon Oct 02 10:59:52 2017
Quartus II 64-Bit Version 14.0.0 Build 200 06/17/2014 SJ Web Edition


---------------------
; Table of Contents ;
---------------------
  1. Legal Notice
  2. MIF/HEX Update Summary
  3. MIF/HEX Update Processed Files
  4. MIF/HEX Update Messages



----------------
; Legal Notice ;
----------------
Copyright (C) 1991-2014 Altera Corporation. All rights reserved.
Your use of Altera Corporation's design tools, logic functions 
and other software and tools, and its AMPP partner logic 
functions, and any output files from any of the foregoing 
(including device programming or simulation files), and any 
associated documentation or information are expressly subject 
to the terms and conditions of the Altera Program License 
Subscription Agreement, the Altera Quartus II License Agreement,
the Altera MegaCore Function License Agreement, or other 
applicable license agreement, including, without limitation, 
that your use is for the sole purpose of programming logic 
devices manufactured by Altera and sold by Altera or its 
authorized distributors.  Please refer to the applicable 
agreement for further details.



+---------------------------------------------------------------+
; MIF/HEX Update Summary                                        ;
+-----------------------+---------------------------------------+
; MIF/HEX Update Status ; Successful - Mon Oct 02 10:59:52 2017 ;
; Revision Name         ; quanta                                ;
; Top-level Entity Name ; quanta                                ;
; Family                ; Cyclone IV E                          ;
; Device                ; EP4CE115F29C7                         ;
+-----------------------+---------------------------------------+


+-----------------------------------------------+
; MIF/HEX Update Processed Files                ;
+-----------------------------------------------+
; File Name                                     ;
+-----------------------------------------------+
; C:/Vinicius/quanta/Hardware/quanta/quanta.mif ;
+-----------------------------------------------+


+-------------------------+
; MIF/HEX Update Messages ;
+-------------------------+
Info: *******************************************************************
Info: Running Quartus II 64-Bit MIF/HEX Update
    Info: Version 14.0.0 Build 200 06/17/2014 SJ Web Edition
    Info: Processing started: Mon Oct 02 10:59:49 2017
Info: Command: quartus_cdb quanta -c quanta --update_mif
Warning (39023): Can't find Memory Initialization File ../../../../Users/vinic/Desktop/Mif2.mif -- skipped updates for this file
Warning (39023): Can't find Memory Initialization File ../../../../Users/vinic/Desktop/Mif1.mif -- skipped updates for this file
Warning (113028): 949 out of 1024 addresses are uninitialized. The Quartus II software will initialize them to "0". There are 1 warnings found, and 1 warnings are reported.
    Warning (113027): Addresses ranging from 75 to 1023 are not initialized
Info (39024): Processed the following Memory Initialization File(s)
    Info (39025): Processed Memory Initialization File C:/Vinicius/quanta/Hardware/quanta/quanta.mif
Info: Quartus II 64-Bit MIF/HEX Update was successful. 0 errors, 4 warnings
    Info: Peak virtual memory: 625 megabytes
    Info: Processing ended: Mon Oct 02 10:59:52 2017
    Info: Elapsed time: 00:00:03
    Info: Total CPU time (on all processors): 00:00:03


